// Jest Snapshot v1, https://goo.gl/fbAQLP

exports[`when I render the List in an application should render correctly 1`] = `
<ListItem
  dropdown={true}
  onClick={[MockFunction]}
>
  <Layout
    className="listItem"
    onClick={[Function]}
    onMouseEnter={[Function]}
    onMouseLeave={[Function]}
    orientation="row"
    style={
      Object {
        "backgroundColor": "#F9F9F9",
        "paddingLeft": "30px",
      }
    }
  >
    <div
      className="listItem"
      onClick={[Function]}
      onMouseEnter={[Function]}
      onMouseLeave={[Function]}
      style={
        Object {
          "backgroundColor": "#F9F9F9",
          "display": "flex",
          "flexDirection": "row",
          "paddingLeft": "30px",
        }
      }
    >
      <div
        className="listItemChildren"
      >
        test
      </div>
      <div
        className="endFragment"
      >
        <svg
          className="dropdown-test"
          fill="black"
          height="16"
          style={
            Object {
              "transform": "rotate(180deg)",
            }
          }
          viewBox="0 0 16 16"
          width="16"
          xmlns="http://www.w3.org/2000/svg"
        >
          <path
            d="M3.204 5h9.592L8 10.481 3.204 5zm-.753.659 4.796 5.48a1 1 0 0 0 1.506 0l4.796-5.48c.566-.647.106-1.659-.753-1.659H3.204a1 1 0 0 0-.753 1.659z"
          />
        </svg>
      </div>
    </div>
  </Layout>
</ListItem>
`;
