// Jest Snapshot v1, https://goo.gl/fbAQLP

exports[`when I render the TextBox in an app should render correctly 1`] = `
<TextBox
  variant="outlined"
>
  <Layout
    className="textBoxContainer"
    orientation="column"
    style={
      Object {
        "width": "320px",
      }
    }
  >
    <div
      className="textBoxContainer"
      style={
        Object {
          "display": "flex",
          "flexDirection": "column",
          "width": "320px",
        }
      }
    >
      <Layout
        className="textBox"
        orientation="row"
        style={
          Object {
            "border": "solid 2px #057EFF",
            "borderRadius": "5px",
            "color": "#000000",
            "height": "44px",
          }
        }
      >
        <div
          className="textBox"
          style={
            Object {
              "border": "solid 2px #057EFF",
              "borderRadius": "5px",
              "color": "#000000",
              "display": "flex",
              "flexDirection": "row",
              "height": "44px",
            }
          }
        >
          <input
            className="textBoxInput"
            maxLength={-1}
            onChange={[Function]}
            style={
              Object {
                "backgroundColor": "transparent",
                "cursor": "text",
                "height": "44px",
                "lineHeight": "44px",
              }
            }
            value=""
          />
        </div>
      </Layout>
    </div>
  </Layout>
</TextBox>
`;
